{
  "SAL_on": {
    "build_years_summary": {
      "n": 460,
      "net_pts": 3499.15,
      "PF": 1.4191,
      "win_rate": 0.387,
      "avg_trade": 7.607,
      "max_drawdown": -756.99,
      "TP": 165,
      "SL": 128,
      "BE": 125,
      "cutoff": 42
    },
    "per_year": {
      "2018": {
        "n": 130,
        "net_pts": 104.49,
        "PF": 1.0771,
        "win_rate": 0.4,
        "avg_trade": 0.804,
        "max_drawdown": -369.11,
        "TP": 50,
        "SL": 38,
        "BE": 33,
        "cutoff": 9
      },
      "2020": {
        "n": 138,
        "net_pts": 747.27,
        "PF": 1.2645,
        "win_rate": 0.3188,
        "avg_trade": 5.415,
        "max_drawdown": -632.62,
        "TP": 42,
        "SL": 45,
        "BE": 42,
        "cutoff": 9
      },
      "2023": {
        "n": 125,
        "net_pts": -96.16,
        "PF": 0.9663,
        "win_rate": 0.368,
        "avg_trade": -0.769,
        "max_drawdown": -756.99,
        "TP": 41,
        "SL": 34,
        "BE": 34,
        "cutoff": 16
      },
      "2026": {
        "n": 67,
        "net_pts": 2743.56,
        "PF": 3.0945,
        "win_rate": 0.5373,
        "avg_trade": 40.949,
        "max_drawdown": -312.38,
        "TP": 32,
        "SL": 11,
        "BE": 16,
        "cutoff": 8
      }
    }
  },
  "SAL_off": {
    "build_years_summary": {
      "n": 507,
      "net_pts": 4039.77,
      "PF": 1.4533,
      "win_rate": 0.3886,
      "avg_trade": 7.968,
      "max_drawdown": -721.54,
      "TP": 180,
      "SL": 135,
      "BE": 141,
      "cutoff": 51
    },
    "per_year": {
      "2018": {
        "n": 141,
        "net_pts": 240.24,
        "PF": 1.1735,
        "win_rate": 0.4043,
        "avg_trade": 1.704,
        "max_drawdown": -235.61,
        "TP": 55,
        "SL": 39,
        "BE": 38,
        "cutoff": 9
      },
      "2020": {
        "n": 156,
        "net_pts": 971.0,
        "PF": 1.3106,
        "win_rate": 0.3205,
        "avg_trade": 6.224,
        "max_drawdown": -721.54,
        "TP": 48,
        "SL": 48,
        "BE": 49,
        "cutoff": 11
      },
      "2023": {
        "n": 137,
        "net_pts": 88.17,
        "PF": 1.0294,
        "win_rate": 0.3869,
        "avg_trade": 0.644,
        "max_drawdown": -702.32,
        "TP": 44,
        "SL": 36,
        "BE": 35,
        "cutoff": 22
      },
      "2026": {
        "n": 73,
        "net_pts": 2740.36,
        "PF": 2.9494,
        "win_rate": 0.5068,
        "avg_trade": 37.539,
        "max_drawdown": -355.12,
        "TP": 33,
        "SL": 12,
        "BE": 19,
        "cutoff": 9
      }
    }
  }
}

Build years used: [2018, 2020, 2023, 2026]
